
> singlish-translator-tests@1.0.0 test
> npx playwright test


Running 35 tests using 1 worker

Neg_Fun_001 - Input: mma wda krne exprs nt cf eke | Expected: Error or Incorrect transliteration | Actual: α╢╕α╖èα╢╕ wα╢⌐ α╢Üα╖èΓÇìα╢╗α╢▒α╖Ö α╢æxα╢┤α╖èΓÇìα╢╗α╖âα╖è α╢▒α╖èα╢ºα╖è cf eke
  Γ£ô   1 [chromium] ΓÇ║ tests\negative-functional.spec.js:30:3 ΓÇ║ Negative Functional Tests - Swift Translator (IT23829442 - DHARMASIRI. A. W . L . I) ΓÇ║ Neg_Fun_001 - Compressed text without spacing (6.3s)
Neg_Fun_002 - Input: @lahindu #bike | Expected: Symbols handling issue | Actual: @α╢╜α╖äα╖Æα╢▒α╖èα╢⌐α╖ö #bike
  Γ£ô   2 [chromium] ΓÇ║ tests\negative-functional.spec.js:35:3 ΓÇ║ Negative Functional Tests - Swift Translator (IT23829442 - DHARMASIRI. A. W . L . I) ΓÇ║ Neg_Fun_002 - Text with special symbols (5.5s)
Neg_Fun_003 - Input: 0771234567 | Expected: Numbers conversion | Actual: 0771234567
  Γ£ô   3 [chromium] ΓÇ║ tests\negative-functional.spec.js:40:3 ΓÇ║ Negative Functional Tests - Swift Translator (IT23829442 - DHARMASIRI. A. W . L . I) ΓÇ║ Neg_Fun_003 - Numeric values conversion (5.8s)
Neg_Fun_004 - Input: adha shop eka patta thirattuvak | Expected: Slang Recognition | Actual: α╢àα╢» shop α╢æα╢Ü α╢┤α╢ºα╖èα╢º α╢¡α╖Æα╢╗α╢ºα╖èα╢ºα╖öα╖Çα╢Üα╖è
  Γ£ô   4 [chromium] ΓÇ║ tests\negative-functional.spec.js:45:3 ΓÇ║ Negative Functional Tests - Swift Translator (IT23829442 - DHARMASIRI. A. W . L . I) ΓÇ║ Neg_Fun_004 - Slang expression recognition (5.3s)
Neg_Fun_005 - Input: kavinduuuu navoddddd | Expected: Long vowel handling | Actual: α╢Üα╖Çα╖Æα╢▒α╖èα╢⌐α╖ûα╢î α╢▒α╖Çα╖£α╢⌐α╖èα╢⌐α╖èα╢⌐α╖èα╢⌐α╖èα╢⌐α╖è
  Γ£ô   5 [chromium] ΓÇ║ tests\negative-functional.spec.js:50:3 ΓÇ║ Negative Functional Tests - Swift Translator (IT23829442 - DHARMASIRI. A. W . L . I) ΓÇ║ Neg_Fun_005 - Extended vowel handling (6.1s)
Neg_Fun_006 - Input: shop eka close!!!!! | Expected: Punctuation overload | Actual: shop α╢æα╢Ü close!!!!!
  Γ£ô   6 [chromium] ΓÇ║ tests\negative-functional.spec.js:55:3 ΓÇ║ Negative Functional Tests - Swift Translator (IT23829442 - DHARMASIRI. A. W . L . I) ΓÇ║ Neg_Fun_006 - Excessive punctuation handling (5.9s)
Neg_Fun_007 - Input: repair my bike today | Expected: Mixed language confusion | Actual: repair my bike today
  Γ£ô   7 [chromium] ΓÇ║ tests\negative-functional.spec.js:60:3 ΓÇ║ Negative Functional Tests - Swift Translator (IT23829442 - DHARMASIRI. A. W . L . I) ΓÇ║ Neg_Fun_007 - Mixed language input (6.2s)
Neg_Fun_008 - Input: Rs. 5000/= and $100 | Expected: Currency symbol handling | Actual: Rs. 5000/= and $100
  Γ£ô   8 [chromium] ΓÇ║ tests\negative-functional.spec.js:65:3 ΓÇ║ Negative Functional Tests - Swift Translator (IT23829442 - DHARMASIRI. A. W . L . I) ΓÇ║ Neg_Fun_008 - Currency symbol handling (5.8s)
Neg_Fun_009 - Input: mage nama lahindu ishan darmasiri mage nama lahindu ishan darmasiri mage nama lahindu ishan darmasiri mage nama lahindu ishan darmasiri mage nama lahindu ishan darmasiri mage nama lahindu ishan darmasiri mage nama lahindu ishan darmasiri mage nama lahindu ishan darmasiri mage nama lahindu ishan darmasiri mage nama lahindu ishan darmasiri mage nama lahindu ishan darmasiri mage nama lahindu ishan darmasiri mage nama lahindu ishan darmasiri mage nama lahindu ishan darmasiri mage nama lahindu ishan darmasiri  | Expected: Length Stress Test | Actual: 

================================================================================
Γ£à ALL NEGATIVE FUNCTIONAL TESTS PASSED SUCCESSFULLY!
Student: DHARMASIRI. A. W . L . I (IT23829442)
Total Test Cases: 10
Status: All edge case tests completed
================================================================================

  Γ£ÿ   9 [chromium] ΓÇ║ tests\negative-functional.spec.js:70:3 ΓÇ║ Negative Functional Tests - Swift Translator (IT23829442 - DHARMASIRI. A. W . L . I) ΓÇ║ Neg_Fun_009 - Long text stress test (6.2s)
Neg_Fun_010 - Input: mama      gedara     yanawa | Expected: Space formatting issue | Actual: α╢╕α╢╕      α╢£α╖Öα╢⌐α╢╗     α╢║α╢▒wα╢à

================================================================================
Γ£à ALL NEGATIVE FUNCTIONAL TESTS PASSED SUCCESSFULLY!
Student: DHARMASIRI. A. W . L . I (IT23829442)
Total Test Cases: 10
Status: All edge case tests completed
================================================================================

  Γ£ô  10 [chromium] ΓÇ║ tests\negative-functional.spec.js:76:3 ΓÇ║ Negative Functional Tests - Swift Translator (IT23829442 - DHARMASIRI. A. W . L . I) ΓÇ║ Neg_Fun_010 - Excessive spacing formatting (5.3s)
Pos_Fun_001 - Input: mage nama lahindu ishan darmasiri | Expected: α╢╕α╢£α╖Ü α╢▒α╢╕ α╢╜α╖äα╖Æα╢▒α╖èα╢»α╖ö α╢ëα╖éα╖Åα╢▒α╖è α╢░α╢╗α╖èα╢╕α╖âα╖Æα╢╗α╖Æ | Actual: 

================================================================================
Γ£à ALL POSITIVE FUNCTIONAL TESTS PASSED SUCCESSFULLY!
Student: DHARMASIRI. A. W . L . I (IT23829442)
Total Test Cases: 24
Status: All positive functional tests completed
================================================================================

  Γ£ÿ  11 [chromium] ΓÇ║ tests\positive-functional.spec.js:30:3 ΓÇ║ Positive Functional Tests - Swift Translator (IT23829442 - DHARMASIRI. A. W . L . I) ΓÇ║ Pos_Fun_001 - Translate personal name (5.8s)
Pos_Fun_002 - Input: mage gama godakawela | Expected: α╢╕α╢£α╖Ü α╢£α╢╕ α╢£α╖£α╢⌐α╢Üα╖Çα╖Öα╢╜ | Actual: 

================================================================================
Γ£à ALL POSITIVE FUNCTIONAL TESTS PASSED SUCCESSFULLY!
Student: DHARMASIRI. A. W . L . I (IT23829442)
Total Test Cases: 24
Status: All positive functional tests completed
================================================================================

